
node.exe : 
At C:\nvm4w\nodejs\npx.ps1:16 char:5
+     & "$basedir/node$exe"  "$basedir/node_modules/npm/bin/npx-cli.js" ...
+     ~~~~~~~~~~~~~~~~~~~~~~~~~~~~~~~~~~~~~~~~~~~~~~~~~~~~~~~~~~~~~~~~~
    + CategoryInfo          : NotSpecified: (:String) [], RemoteException
    + FullyQualifiedErrorId : NativeCommandError
 
DevTools listening on ws://127.0.0.1:12041/devtools/browser/9f73bbba-b16e-4b79-9ade-831c754005ed
Cypress could not verify that this server is running:

  > http://localhost:3001

We are verifying this server because it has been configured as your baseUrl.

Cypress automatically waits until your server is accessible before running tests.

We will try connecting to it 3 more times...
We will try connecting to it 2 more times...
We will try connecting to it 1 more time...

Cypress failed to verify that your server is running.

Please start this server and then run Cypress again.
